# 文件系统

文件系统作用：

1. **数据存储：**任何文件系统的主要功能都应该是存储和检索数据的结构化场所。
2. **命名空间：**一种命名和组织方法，提供命名和结构化数据的规则。
3. **安全模型：**一种用于定义访问权限的方案。
4. **API：**系统函数调用，用于操作文件系统对象，例如目录和文件。
5. **实现：**该软件可以实现上述功能。

文件系统类型：

mkfs          mkfs.bfs      mkfs.cramfs   mkfs.ext2     mkfs.ext3     mkfs.ext4     mkfs.ext4dev  mkfs.fat      mkfs.minix    mkfs.msdos    mkfs.ntfs     mkfs.vfat

分区创建后需要格式化来设置文件系统类型

# MBR主引导扇区

**主引导记录**（Master Boot Record，缩写：MBR），又叫做**主引导扇区**，是[计算机](https://zh.wikipedia.org/wiki/计算机)开机后访问[硬盘](https://zh.wikipedia.org/wiki/硬盘)时所必须要读取的首个[扇区](https://zh.wikipedia.org/wiki/磁盘扇区)，它在硬盘上的三维地址为（柱面，磁头，扇区）＝（0，0，1）。

MBR分为三个部分：

* 主引导程序：446字节
* 磁盘分区表（DPT）：64字节，每一个分区用16个字节表示，最多只有4个主分区
* 结束标志：2个字节（55AA）。

所以磁盘管理方式为MBR的操作系统，一个磁盘最多只能有4个主分区，或者3个主分区+1个扩展分区，扩展分区本身不能存数据，必须在扩展分区上划分出多个逻辑分区之后，才能把数据存储到逻辑分区上。

hd : ide磁盘接口类型

sd : scsi磁盘接口类型

磁盘命名：

hda~hdz

sda~sdz

第一个磁盘sda可以有多个分区

sda1

sda2

....

sdax

一般一个或两个主分区就够了，用来放操作系统相关数据

sda1、sda2

然后就是逻辑分区，一般从5开始（因为1，2，3，4为主分区或者扩展分区）

sda5

# fdisk 分区

添加硬盘设备、创建分区、挂载

## fdisk -l 查看磁盘和分区

```shell
root@ubuntu:~# fdisk -l
Disk /dev/sdb: 1 GiB, 1073741824 bytes, 2097152 sectors
Units: sectors of 1 * 512 = 512 bytes
Sector size (logical/physical): 512 bytes / 512 bytes
I/O size (minimum/optimal): 512 bytes / 512 bytes


Disk /dev/sda: 20 GiB, 21474836480 bytes, 41943040 sectors
Units: sectors of 1 * 512 = 512 bytes
Sector size (logical/physical): 512 bytes / 512 bytes
I/O size (minimum/optimal): 512 bytes / 512 bytes
Disklabel type: dos
Disk identifier: 0xc3e76474

Device     Boot    Start      End  Sectors  Size Id Type
/dev/sda1  *        2048 39942143 39940096   19G 83 Linux
/dev/sda2       39944190 41940991  1996802  975M  5 Extended
/dev/sda5       39944192 41940991  1996800  975M 82 Linux swap / Solaris
```

两块硬盘sda和sdb

sda有3个分区:sda1、sda2、sda5

## fdisk /dev/sdb 创建分区

```shell
root@ubuntu:~# fdisk /dev/sdb

Welcome to fdisk (util-linux 2.27.1).
Changes will remain in memory only, until you decide to write them.
Be careful before using the write command.

Device does not contain a recognized partition table.
Created a new DOS disklabel with disk identifier 0x4c2b7edc.

Command (m for help): m

Help:

  DOS (MBR)
   a   toggle a bootable flag
   b   edit nested BSD disklabel
   c   toggle the dos compatibility flag

  Generic
   d   delete a partition
   F   list free unpartitioned space
   l   list known partition types
   n   add a new partition
   p   print the partition table
   t   change a partition type
   v   verify the partition table
   i   print information about a partition

  Misc
   m   print this menu
   u   change display/entry units
   x   extra functionality (experts only)

  Script
   I   load disk layout from sfdisk script file
   O   dump disk layout to sfdisk script file

  Save & Exit
   w   write table to disk and exit
   q   quit without saving changes

  Create a new label
   g   create a new empty GPT partition table
   G   create a new empty SGI (IRIX) partition table
   o   create a new empty DOS partition table
   s   create a new empty Sun partition table
```

*  a   toggle a bootable flag：设置启动分区，如果一个pc装了双系统，可以用于不同系统的启动分区
* d   delete a partition：删除一个分区
* n   add a new partition:创建一个分区
* p   print the partition table:打印分区表
* q   quit without saving changes:退出不保存（比如只是想简单演示一下分区的操作，演示完了后退出）
* w   write table to disk and exit：保存退出

## 格式化分区

不同Linux文件系统的格式化命令不同

mkfs          mkfs.bfs      mkfs.cramfs   mkfs.ext2     mkfs.ext3     mkfs.ext4     mkfs.ext4dev  mkfs.fat      mkfs.minix    mkfs.msdos    mkfs.ntfs     mkfs.vfat

mkfs类似mkdir，mkfs是给一个分区构建文件系统，因为创建的分区如果不格式化（给分区构造文件系统），那么操作系统不知道分区的文件系统类型。没法存储数据。



```shell
root@ubuntu:~# mkfs.ext4 /dev/sdb1
mke2fs 1.42.13 (17-May-2015)
Creating filesystem with 204800 1k blocks and 51200 inodes
Filesystem UUID: 0421a14b-ccab-4f7e-a2f0-2b5535af0db6
Superblock backups stored on blocks: 
        8193, 24577, 40961, 57345, 73729

Allocating group tables: done                            
Writing inode tables: done                            
Creating journal (4096 blocks): done
Writing superblocks and filesystem accounting information: done 
```



## 创建一个挂载点（目录）用于挂载

创建一个目录

```
root@ubuntu:~# mkdir xxx
root@ubuntu:~# ls
xxx
```

将分区挂载到目录上

```shell
root@ubuntu:~# mount /dev/sdb1 xxx
```

## 开机自动挂载

为什么需要开机自动挂载？

```
开机自动挂载主要用于服务器上，比如服务器上有四个硬盘插口，放入四个硬盘，如果有硬盘坏了，需要拆下来维修，维修之后，再把硬盘放回去，这时候服务器就需要开机自动挂载，不可能再手动挂载，影响效率。
```

修改/etc/fstab文件。

```
# <file system> <mount point>   <type>  <options>       <dump>  <pass>
# / was on /dev/sda1 during installation
UUID=54e1f692-8968-4f12-bebd-58027d4f436a /               ext4    errors=remount-ro 0       1
# swap was on /dev/sda5 during installation
UUID=ddfc0e54-edd1-4474-9836-e6dd94b59ecc none            swap    sw              0       0
/dev/fd0        /media/floppy0  auto    rw,user,noauto,exec,utf8 0       0
```

分区	挂载点(mount point)	文件系统类型(type)	选项(option)	备份(dump)  检测(pass)

dump:0不备份，1备份

pass:0不检查，1检查

在/etc/fstab文件中新增配置信息即可。

```
/dev/sdb1 /root/xxx ext4	default	0	0
```

## uuid方式设置开机自动挂载

为什么需要通过uuid方式设置开机自动挂载？

```
服务器上有四个硬盘插口，放入四个硬盘，硬盘坏了，拆下来维修之后，再把硬盘放回去，这时候服务器就需要开机自动挂载，但是四个硬盘摆放的位置能和之前的位置一样吗？会不会放的位置不一致？原来/dev/sda对应的是第一块硬盘，现在/dev/sda对应的可能是第二块硬盘，这样，数据就会乱套，所以不能用设备名，而是要用设备uuid来配置。
```

## 查看分区的uuid

blkid命令：print block devices attribute。打印块设备属性，包括uuid

```shell
root@ubuntu:~# blkid
/dev/sda1: UUID="54e1f692-8968-4f12-bebd-58027d4f436a" TYPE="ext4" PARTUUID="c3e76474-01"
/dev/sda5: UUID="ddfc0e54-edd1-4474-9836-e6dd94b59ecc" TYPE="swap" PARTUUID="c3e76474-05"
/dev/sdb1: UUID="0421a14b-ccab-4f7e-a2f0-2b5535af0db6" TYPE="ext4" PARTUUID="def93928-01"
/dev/sdb2: UUID="a7897ecf-2436-4051-ac64-950a8868a42f" TYPE="ext4" PARTUUID="def93928-02"
/dev/sdb5: UUID="747b538d-7e4d-4e31-9454-d3b1fb7610a5" TYPE="ext4" PARTUUID="def93928-05"
/dev/sdb6: UUID="187d93cd-3231-4653-84d6-9fefdffb7d44" TYPE="ext4" PARTUUID="def93928-06"
```

通过uuid配置开机自动挂载

```shell
UUID=0421a14b-ccab-4f7e-a2f0-2b5535af0db6 /root/xxx ext4	default	0	0
```

## 卸载

```
umount /dev/sdb1
```

## 重新挂载fstab配置中的所有文件系统

```
mount -a
```
